<html>
<body>
<pre>
<h1>礦ision Build Log</h1>
<h2>Tool Versions:</h2>
IDE-Version: μVision V5.14.0.0
Copyright (C) 2015 ARM Ltd and ARM Germany GmbH. All rights reserved.
License Information: h Windows, HP Inc., LIC=NHY74-FW2U0-D14PR-K4REG-0GQ9X-2E7U3
 
Tool Versions:
Toolchain:       MDK-ARM Professional  Version: 5.14.0.0
Toolchain Path:  D:\Keil_v5\ARM\ARMCC\Bin
C Compiler:      Armcc.exe V5.05 update 1 (build 106)
Assembler:       Armasm.exe V5.05 update 1 (build 106)
Linker/Locator:  ArmLink.exe V5.05 update 1 (build 106)
Library Manager: ArmAr.exe V5.05 update 1 (build 106)
Hex Converter:   FromElf.exe V5.05 update 1 (build 106)
CPU DLL:         SARMCM3.DLL V5.14.0.0
Dialog DLL:      DCM.DLL V1.13.1.0
Target DLL:      STLink\ST-LINKIII-KEIL_SWO.dll V2.0.14.0_KEIL
Dialog DLL:      TCM.DLL V1.14.4.0
 
<h2>Project:</h2>
E:\嵌入式\嵌入式课程实验\USER\project.uvprojx
Project File Date:  06/02/2018

<h2>Output:</h2>
Rebuild target 'Target'
compiling delay.c...
compiling sys.c...
compiling usart.c...
compiling main.c...
compiling receive.c...
..\RECEIVE\receive.c(35): warning:  #550-D: variable "key" was set but never used
        u8 key;
..\RECEIVE\receive.c: 1 warning, 0 errors
compiling modulate.c...
compiling led.c...
compiling key.c...
compiling timer.c...
compiling remote.c...
compiling ILI93xx.c...
assembling startup_stm32f10x_hd.s...
linking...
Program Size: Code=22294 RO-data=6458 RW-data=32 ZI-data=1336  
".\Objects\project.axf" - 0 Error(s), 1 Warning(s).

<h2>Collection of Component include folders:</h2>
  E:\嵌入式\嵌入式课程实验\USER\RTE
  D:\Keil_v5\ARM\PACK\Keil\STM32F1xx_DFP\2.2.0

<h2>Collection of Component Files used:</h2>
</pre>
</body>
</html>
